seed=20260521 dataset=aivivn n=1609 unique_ids=PASS gold=PASS raw_text=PASS nfc_text=PASS labels=negative,neutral,positive prediction_diffs=125 baseline_f1=0.497275300346211 primary_f1=0.461296862612315 stored=PASS
  ids=FF6FFE8B1067DB99E62433619173E3DA47967956BAB8E056EA8D3893495DDF9A gold=C70B4A5BA6E7435D61AFDAEA384EFAB77E5E7B4B69B0CCA0B060D22FAC17A34E nfc_text=AA3314BC076C59CE860ABAD596311C9528C77E61593153E66BE48095D2DEB1D6
seed=20260521 dataset=vsfc n=3166 unique_ids=PASS gold=PASS raw_text=PASS nfc_text=PASS labels=negative,neutral,positive prediction_diffs=361 baseline_f1=0.385659207342641 primary_f1=0.349344422422812 stored=PASS
  ids=75C9266EA370A758C7945B15E9926A454A420E7EA60A95D91E593C8CFE39B4F2 gold=9629B98AD0E62A0F61F425BC398953D5BCFDD641F466A99100B87D13723F3E02 nfc_text=908762224F4D7DAEEFD3EF6FE1B5C1BB20CA4437A130E40AF13372263B842E35
seed=20260521 dataset=vsmec n=693 unique_ids=PASS gold=PASS raw_text=PASS nfc_text=PASS labels=anger,disgust,enjoyment,fear,other,sadness,surprise prediction_diffs=110 baseline_f1=0.403587679015721 primary_f1=0.392649480024321 stored=PASS
  ids=6845ECDB3B71B428CF63DB463BADB7F61166C3ABD5A6B57DC2D02D52B54663DC gold=41CF45EC92438AA5987BCB6D9F3BF3ADA704AB0225D34EA734A8537651B89D83 nfc_text=8DF340880EA8E39A16A7690466F8E71C09D33BB463BD31FDF820A2A625609854
seed=20260522 dataset=aivivn n=1609 unique_ids=PASS gold=PASS raw_text=PASS nfc_text=PASS labels=negative,neutral,positive prediction_diffs=129 baseline_f1=0.474255920578812 primary_f1=0.503247327503273 stored=PASS
  ids=FF6FFE8B1067DB99E62433619173E3DA47967956BAB8E056EA8D3893495DDF9A gold=C70B4A5BA6E7435D61AFDAEA384EFAB77E5E7B4B69B0CCA0B060D22FAC17A34E nfc_text=AA3314BC076C59CE860ABAD596311C9528C77E61593153E66BE48095D2DEB1D6
seed=20260522 dataset=vsfc n=3166 unique_ids=PASS gold=PASS raw_text=PASS nfc_text=PASS labels=negative,neutral,positive prediction_diffs=393 baseline_f1=0.384122214970831 primary_f1=0.404630559427352 stored=PASS
  ids=75C9266EA370A758C7945B15E9926A454A420E7EA60A95D91E593C8CFE39B4F2 gold=9629B98AD0E62A0F61F425BC398953D5BCFDD641F466A99100B87D13723F3E02 nfc_text=908762224F4D7DAEEFD3EF6FE1B5C1BB20CA4437A130E40AF13372263B842E35
seed=20260522 dataset=vsmec n=693 unique_ids=PASS gold=PASS raw_text=PASS nfc_text=PASS labels=anger,disgust,enjoyment,fear,other,sadness,surprise prediction_diffs=100 baseline_f1=0.399564647233547 primary_f1=0.402050278830838 stored=PASS
  ids=6845ECDB3B71B428CF63DB463BADB7F61166C3ABD5A6B57DC2D02D52B54663DC gold=41CF45EC92438AA5987BCB6D9F3BF3ADA704AB0225D34EA734A8537651B89D83 nfc_text=8DF340880EA8E39A16A7690466F8E71C09D33BB463BD31FDF820A2A625609854
seed=20260523 dataset=aivivn n=1609 unique_ids=PASS gold=PASS raw_text=PASS nfc_text=PASS labels=negative,neutral,positive prediction_diffs=126 baseline_f1=0.478106308310929 primary_f1=0.473548919855071 stored=PASS
  ids=FF6FFE8B1067DB99E62433619173E3DA47967956BAB8E056EA8D3893495DDF9A gold=C70B4A5BA6E7435D61AFDAEA384EFAB77E5E7B4B69B0CCA0B060D22FAC17A34E nfc_text=AA3314BC076C59CE860ABAD596311C9528C77E61593153E66BE48095D2DEB1D6
seed=20260523 dataset=vsfc n=3166 unique_ids=PASS gold=PASS raw_text=PASS nfc_text=PASS labels=negative,neutral,positive prediction_diffs=438 baseline_f1=0.403776904065801 primary_f1=0.382719697451793 stored=PASS
  ids=75C9266EA370A758C7945B15E9926A454A420E7EA60A95D91E593C8CFE39B4F2 gold=9629B98AD0E62A0F61F425BC398953D5BCFDD641F466A99100B87D13723F3E02 nfc_text=908762224F4D7DAEEFD3EF6FE1B5C1BB20CA4437A130E40AF13372263B842E35
seed=20260523 dataset=vsmec n=693 unique_ids=PASS gold=PASS raw_text=PASS nfc_text=PASS labels=anger,disgust,enjoyment,fear,other,sadness,surprise prediction_diffs=135 baseline_f1=0.401724376941886 primary_f1=0.406514255329146 stored=PASS
  ids=6845ECDB3B71B428CF63DB463BADB7F61166C3ABD5A6B57DC2D02D52B54663DC gold=41CF45EC92438AA5987BCB6D9F3BF3ADA704AB0225D34EA734A8537651B89D83 nfc_text=8DF340880EA8E39A16A7690466F8E71C09D33BB463BD31FDF820A2A625609854
semantic_cohort_parity=PASS
metric_recomputation_vs_saved_per_seed=PASS tolerance=5e-11
manifest_aivivn_hash_difference=PROVENANCE_LIMITATION_NOT_SEMANTIC_COHORT_DIFFERENCE
